// Vitest Snapshot v1, https://vitest.dev/guide/snapshot.html

exports[`matches snapshot 1`] = `
<DocumentFragment>
  <div>
    <div>
      <form>
        <label
          for="todo"
        >
          To-Do
        </label>
        <input
          id="todo"
          name="todo"
          value=""
        />
        <button>
          Add
        </button>
      </form>
    </div>
    <ul />
  </div>
</DocumentFragment>
`;
