// Vitest Snapshot v1, https://vitest.dev/guide/snapshot.html

exports[`matches snapshot 1`] = `
<DocumentFragment>
  <div>
    <li>
      default todo
    </li>
    <button>
      Edit
    </button>
    <button>
      X
    </button>
  </div>
</DocumentFragment>
`;
